<?xml version="1.0" encoding="utf-8"?><testsuites name="pytest tests"><testsuite name="pytest" errors="0" failures="0" skipped="0" tests="6" time="0.551" timestamp="2025-12-02T22:49:56.235383-05:00" hostname="BamBamMcqueen"><testcase classname="tests.test_usuarios" name="test_docs_endpoint" time="0.037" /><testcase classname="tests.test_usuarios" name="test_health_check" time="0.010" /><testcase classname="tests.test_usuarios" name="test_registro_usuario" time="0.050" /><testcase classname="tests.test_usuarios" name="test_registro_usuario_correo_duplicado" time="0.030" /><testcase classname="tests.test_usuarios" name="test_registro_usuario_datos_incompletos" time="0.010" /><testcase classname="tests.test_usuarios" name="test_registro_usuario_correo_invalido" time="0.113" /></testsuite></testsuites>